
PS C:\dev\quiz-frontend-only> npm install
npm error code ENOENT
npm error syscall open
npm error path C:\dev\quiz-frontend-only\package.json
npm error errno -4058
npm error enoent Could not read package.json: Error: ENOENT: no such file or directory, open 'C:\dev\quiz-frontend-only\package.json'
npm error enoent This is related to npm not being able to find a file.
npm error enoent
npm error A complete log of this run can be found in: C:\Users\kagol\AppData\Local\npm-cache\_logs\2025-10-14T18_13_48_666Z-debug-0.log
PS C:\dev\quiz-frontend-only> cd .\QuizApp-Project\
PS C:\dev\quiz-frontend-only\QuizApp-Project> npm install

added 380 packages, and audited 381 packages in 48s

78 packages are looking for funding
  run `npm fund` for details

2 moderate severity vulnerabilities

To address all issues (including breaking changes), run:
  npm audit fix --force

Run `npm audit` for details.
PS C:\dev\quiz-frontend-only\QuizApp-Project> npm start
npm error Missing script: "start"
npm error
npm error Did you mean one of these?
npm error   npm star # Mark your favorite packages
npm error   npm stars # View packages marked as favorites
npm error
npm error To see a list of scripts, run:
npm error   npm run
npm error A complete log of this run can be found in: C:\Users\kagol\AppData\Local\npm-cache\_logs\2025-10-14T18_15_47_454Z-debug-0.log
PS C:\dev\quiz-frontend-only\QuizApp-Project> npm run  
Scripts available in vite_react_shadcn_ts@0.0.0 via `npm run-script`:
  dev
    vite
  build
    vite build
  build:dev
    vite build --mode development
  lint
    eslint .
  preview
    vite preview
PS C:\dev\quiz-frontend-only\QuizApp-Project> npm dev run
Unknown command: "dev"


Did you mean this?
  npm run dev # run the "dev" package script
To see a list of supported npm commands, run:
  npm help
PS C:\dev\quiz-frontend-only\QuizApp-Project> npm run dev

> vite_react_shadcn_ts@0.0.0 dev
> vite


  VITE v5.4.20  ready in 603 ms

  ➜  Local:   http://localhost:8080/
  ➜  Network: http://192.168.1.6:8080/
  ➜  press h + enter to show help